// Jest Snapshot v1, https://goo.gl/fbAQLP

exports[`MoviesList page rendering/navigating should render page correctly 1`] = `
<div
  className="container my-4"
>
  <h2
    className="text-center mb-4"
  >
    Movies
  </h2>
  <div
    className="row mb-3"
  >
    <div
      className="col"
    >
      <a
        className="btn btn-primary me-1"
        href="/admin/movies/create"
        onClick={[Function]}
        role="button"
      >
        Create Movie
      </a>
      <button
        className="btn btn-outline-primary"
        onClick={[Function]}
        type="button"
      >
        Refresh
      </button>
    </div>
    <div
      className="col"
    />
  </div>
  <div
    style={
      {
        "alignItems": "center",
        "display": "flex",
        "justifyContent": "center",
      }
    }
  >
    <div
      dangerouslySetInnerHTML={
        {
          "__html": "<svg xmlns="http://www.w3.org/2000/svg" viewBox="0 0 32 32">
  <path opacity=".25" d="M16 0 A16 16 0 0 0 16 32 A16 16 0 0 0 16 0 M16 4 A12 12 0 0 1 16 28 A12 12 0 0 1 16 4"/>
  <path d="M16 0 A16 16 0 0 1 32 16 L28 16 A12 12 0 0 0 16 4z">
    <animateTransform attributeName="transform" type="rotate" from="0 16 16" to="360 16 16" dur="0.8s" repeatCount="indefinite" />
  </path>
</svg>
",
        }
      }
      style={
        {
          "fill": "#1d81e2",
          "height": 64,
          "width": 64,
        }
      }
    />
  </div>
</div>
`;
